[21 Feb, 2026 - 01:38:45:3845] [34minfo[39m: [34mMSSQL Connected to 'FME'[39m
[21 Feb, 2026 - 01:38:58:3858] [34minfo[39m: [34mMSSQL Connected to 'FME'[39m
[21 Feb, 2026 - 01:39:22:3922] [34minfo[39m: [34mMSSQL Connected to 'FME'[39m
[21 Feb, 2026 - 01:39:42:3942] [34minfo[39m: [34mMSSQL Connected to 'FME'[39m
[21 Feb, 2026 - 03:33:17:3317] [34minfo[39m: [34mMSSQL Connected to 'FME'[39m
[21 Feb, 2026 - 03:33:36:3336] [34minfo[39m: [34mMSSQL Connected to 'FME'[39m
[21 Feb, 2026 - 03:36:04:364] [34minfo[39m: [34mMSSQL Connected to 'FME'[39m
[21 Feb, 2026 - 03:36:24:3624] [34minfo[39m: [34mMSSQL Connected to 'FME'[39m
[24 Feb, 2026 - 23:19:20:1920] [34minfo[39m: [34mStarting database table initialization...[39m
[24 Feb, 2026 - 23:19:21:1921] [34minfo[39m: [34mMSSQL Connected to 'FME'[39m
[24 Feb, 2026 - 23:19:21:1921] [34minfo[39m: [34mDatabase connection established.[39m
[24 Feb, 2026 - 23:19:21:1921] [34minfo[39m: [34mFound 38 model files to initialize.[39m
[24 Feb, 2026 - 23:19:21:1921] [34minfo[39m: [34mProcessing auth.model.js...[39m
[24 Feb, 2026 - 23:19:21:1921] [34minfo[39m: [34mProcessing department.model.js...[39m
[24 Feb, 2026 - 23:19:21:1921] [34minfo[39m: [34mChecked/Created departments table in MSSQL[39m
[24 Feb, 2026 - 23:19:22:1922] [34minfo[39m: [34mProcessing course.model.js...[39m
[24 Feb, 2026 - 23:19:22:1922] [34minfo[39m: [34mProcessing module.model.js...[39m
[24 Feb, 2026 - 23:19:23:1923] [34minfo[39m: [34mProcessing lesson.model.js...[39m
[24 Feb, 2026 - 23:19:23:1923] [34minfo[39m: [34mProcessing assignment.model.js...[39m
[24 Feb, 2026 - 23:19:24:1924] [34minfo[39m: [34mProcessing quiz.model.js...[39m
[24 Feb, 2026 - 23:19:24:1924] [34minfo[39m: [34mProcessing attemptedQuiz.model.js...[39m
[24 Feb, 2026 - 23:19:25:1925] [34minfo[39m: [34mProcessing attemptExtensionRequest.model.js...[39m
[24 Feb, 2026 - 23:19:25:1925] [34minfo[39m: [34mProcessing attendanceLog.model.js...[39m
[24 Feb, 2026 - 23:19:26:1926] [34minfo[39m: [34mProcessing audit.model.js...[39m
[24 Feb, 2026 - 23:19:26:1926] [34minfo[39m: [34mProcessing certificate.model.js...[39m
[24 Feb, 2026 - 23:19:27:1927] [34minfo[39m: [34mProcessing certificateTemplate.model.js...[39m
[24 Feb, 2026 - 23:19:27:1927] [34minfo[39m: [34mProcessing courseLevelConfig.model.js...[39m
[24 Feb, 2026 - 23:19:28:1928] [34minfo[39m: [34mProcessing customRole.model.js...[39m
[24 Feb, 2026 - 23:19:28:1928] [34minfo[39m: [34mProcessing daily5MConfig.model.js...[39m
[24 Feb, 2026 - 23:19:29:1929] [34minfo[39m: [34mProcessing daily5MRecord.model.js...[39m
[24 Feb, 2026 - 23:19:29:1929] [34minfo[39m: [34mProcessing dailyProductionReport.model.js...[39m
[24 Feb, 2026 - 23:19:30:1930] [34minfo[39m: [34mProcessing enrollment.model.js...[39m
[24 Feb, 2026 - 23:19:30:1930] [34minfo[39m: [34mProcessing extraAttempt.model.js...[39m
[24 Feb, 2026 - 23:19:31:1931] [34minfo[39m: [34mProcessing handoverSheet.model.js...[39m
[24 Feb, 2026 - 23:19:31:1931] [34minfo[39m: [34mProcessing line.model.js...[39m
[24 Feb, 2026 - 23:19:32:1932] [34minfo[39m: [34mProcessing machine.model.js...[39m
[24 Feb, 2026 - 23:19:32:1932] [34minfo[39m: [34mProcessing mail.model.js...[39m
[24 Feb, 2026 - 23:19:33:1933] [34minfo[39m: [34mProcessing moduleTimeline.model.js...[39m
[24 Feb, 2026 - 23:19:33:1933] [34minfo[39m: [34mProcessing multiSkillingPlan.model.js...[39m
[24 Feb, 2026 - 23:19:34:1934] [34minfo[39m: [34mProcessing onJobTraining.model.js...[39m
[24 Feb, 2026 - 23:19:34:1934] [34minfo[39m: [34mChecked/Created on_job_trainings table in MSSQL[39m
[24 Feb, 2026 - 23:19:34:1934] [34minfo[39m: [34mProcessing operatorObservance.model.js...[39m
[24 Feb, 2026 - 23:19:35:1935] [34minfo[39m: [34mProcessing privilege.model.js...[39m
[24 Feb, 2026 - 23:19:35:1935] [34minfo[39m: [34mProcessing progress.model.js...[39m
[24 Feb, 2026 - 23:19:36:1936] [34minfo[39m: [34mProcessing requirement.model.js...[39m
[24 Feb, 2026 - 23:19:36:1936] [34minfo[39m: [34mProcessing resource.model.js...[39m
[24 Feb, 2026 - 23:19:37:1937] [34minfo[39m: [34mProcessing skillMatrix.model.js...[39m
[24 Feb, 2026 - 23:19:37:1937] [34minfo[39m: [34mProcessing submission.model.js...[39m
[24 Feb, 2026 - 23:19:38:1938] [34minfo[39m: [34mProcessing systemSettings.model.js...[39m
[24 Feb, 2026 - 23:19:39:1939] [34minfo[39m: [34mProcessing tenCycleCheck.model.js...[39m
[24 Feb, 2026 - 23:19:39:1939] [34minfo[39m: [34mProcessing tenCycleSheet.model.js...[39m
[24 Feb, 2026 - 23:19:40:1940] [34minfo[39m: [34mProcessing threeDayMonitoring.model.js...[39m
[24 Feb, 2026 - 23:19:40:1940] [34minfo[39m: [34mDatabase table initialization completed.[39m
[25 Feb, 2026 - 11:11:09:119] [34minfo[39m: [34mMSSQL Connected to 'FME'[39m
[25 Feb, 2026 - 11:11:22:1122] [34minfo[39m: [34mMSSQL Connected to 'FME'[39m
[25 Feb, 2026 - 11:12:02:122] [34minfo[39m: [34mMSSQL Connected to 'FME'[39m
[11 Mar, 2026 - 23:18:41:1841] [34minfo[39m: [34mMSSQL Connected to 'FME'[39m
[11 Mar, 2026 - 23:18:52:1852] [34minfo[39m: [34mMSSQL Connected to 'FME'[39m
[11 Mar, 2026 - 23:19:14:1914] [34minfo[39m: [34mMSSQL Connected to 'FME'[39m
[11 Mar, 2026 - 23:20:16:2016] [34minfo[39m: [34mMSSQL Connected to 'FME'[39m
[11 Mar, 2026 - 23:40:07:407] [34minfo[39m: [34mMSSQL Connected to 'FME'[39m
[12 Mar, 2026 - 00:31:32:3132] [34minfo[39m: [34mMSSQL Connected to 'FME'[39m
[12 Mar, 2026 - 14:37:39:3739] [34minfo[39m: [34mMSSQL Connected to 'FME'[39m
[13 Mar, 2026 - 23:54:41:5441] [34minfo[39m: [34mMSSQL Connected to 'FME'[39m
[13 Mar, 2026 - 23:56:59:5659] [34minfo[39m: [34mMSSQL Connected to 'FME'[39m
[14 Mar, 2026 - 00:32:59:3259] [34minfo[39m: [34mSocket.IO service initialized[39m
[14 Mar, 2026 - 00:32:59:3259] [34minfo[39m: [34mMSSQL Connected to 'FME'[39m
[14 Mar, 2026 - 00:33:00:330] [34minfo[39m: [34mChecked/Created departments table in MSSQL[39m
[14 Mar, 2026 - 00:33:00:330] [34minfo[39m: [34mChecked/Created on_job_trainings table in MSSQL[39m
[14 Mar, 2026 - 00:33:00:330] [34minfo[39m: [34mRequirementUpdateLogs table initialized/verified for MSSQL[39m
[14 Mar, 2026 - 00:33:01:331] [34minfo[39m: [34mChecked/Created sections table and migrated columns in MSSQL[39m
[14 Mar, 2026 - 00:33:01:331] [34minfo[39m: [34mSubSection table initialized[39m
[14 Mar, 2026 - 00:33:22:3322] [34minfo[39m: [34mMSSQL Connected to 'FME'[39m
[14 Mar, 2026 - 00:34:50:3450] [34minfo[39m: [34mMSSQL Connected to 'FME'[39m
[14 Mar, 2026 - 00:35:06:356] [34minfo[39m: [34mMSSQL Connected to 'FME'[39m
[14 Mar, 2026 - 00:35:50:3550] [34minfo[39m: [34mSocket.IO service initialized[39m
[14 Mar, 2026 - 00:35:51:3551] [34minfo[39m: [34mMSSQL Connected to 'FME'[39m
[14 Mar, 2026 - 00:35:51:3551] [34minfo[39m: [34mChecked/Created departments table in MSSQL[39m
[14 Mar, 2026 - 00:35:51:3551] [34minfo[39m: [34mRequirementUpdateLogs table initialized/verified for MSSQL[39m
[14 Mar, 2026 - 00:35:51:3551] [34minfo[39m: [34mChecked/Created on_job_trainings table in MSSQL[39m
[14 Mar, 2026 - 00:35:51:3551] [34minfo[39m: [34mChecked/Created sections table and migrated columns in MSSQL[39m
[14 Mar, 2026 - 00:35:51:3551] [34minfo[39m: [34mSubSection table initialized[39m
[14 Mar, 2026 - 00:36:06:366] [34minfo[39m: [34mMSSQL Connected to 'FME'[39m
<<<<<<< HEAD
[11 Apr, 2026 - 12:55:37:5537] [34minfo[39m: [34mMSSQL Connected to 'FME'[39m
[11 Apr, 2026 - 13:31:31:3131] [34minfo[39m: [34mMSSQL Connected to 'FME'[39m
[11 Apr, 2026 - 13:31:48:3148] [34minfo[39m: [34mMSSQL Connected to 'FME'[39m
[11 Apr, 2026 - 13:32:10:3210] [34minfo[39m: [34mMSSQL Connected to 'FME'[39m
[11 Apr, 2026 - 13:32:43:3243] [34minfo[39m: [34mMSSQL Connected to 'FME'[39m
[11 Apr, 2026 - 13:33:30:3330] [31merror[39m: [31mMSSQL Connection Failed[39m
[11 Apr, 2026 - 13:34:58:3458] [34minfo[39m: [34mMSSQL Connected to 'FME'[39m
[11 Apr, 2026 - 13:37:36:3736] [34minfo[39m: [34mMSSQL Connected to 'FME'[39m
[11 Apr, 2026 - 13:37:51:3751] [34minfo[39m: [34mMSSQL Connected to 'FME'[39m
=======
[11 Apr, 2026 - 01:38:51:3851] [34minfo[39m: [34mMSSQL Connected to 'dojo'[39m
>>>>>>> fd9a48bc725fb86a484bbd5f97c33bd3b13bfd97
[15 Apr, 2026 - 00:58:56:5856] [34minfo[39m: [34mInitializing Machine table and cleaning up schema...[39m
[15 Apr, 2026 - 00:59:11:5911] [31merror[39m: [31mMSSQL Connection Failed[39m
[30 Apr, 2026 - 17:28:34:2834] [34minfo[39m: [34mMSSQL Connected to 'FME'[39m
[04 May, 2026 - 21:02:57:257] [34minfo[39m: [34mMSSQL Connected to 'FME'[39m
[04 May, 2026 - 21:03:36:336] [34minfo[39m: [34mMSSQL Connected to 'FME'[39m
[04 May, 2026 - 21:03:50:350] [34minfo[39m: [34mMSSQL Connected to 'FME'[39m
[04 May, 2026 - 21:34:57:3457] [34minfo[39m: [34mMSSQL Connected to 'FME'[39m
[04 May, 2026 - 21:35:11:3511] [34minfo[39m: [34mMSSQL Connected to 'FME'[39m
[04 May, 2026 - 22:03:07:37] [34minfo[39m: [34mMSSQL Connected to 'FME'[39m
[04 May, 2026 - 22:03:52:352] [34minfo[39m: [34mMSSQL Connected to 'FME'[39m
[04 May, 2026 - 23:53:32:5332] [34minfo[39m: [34mMSSQL Connected to 'FME'[39m
[05 May, 2026 - 00:00:42:042] [34minfo[39m: [34mMSSQL Connected to 'FME'[39m
[05 May, 2026 - 00:01:08:18] [34minfo[39m: [34mMSSQL Connected to 'FME'[39m
[05 May, 2026 - 00:01:35:135] [34minfo[39m: [34mMSSQL Connected to 'FME'[39m
[05 May, 2026 - 00:02:03:23] [34minfo[39m: [34mMSSQL Connected to 'FME'[39m
[05 May, 2026 - 00:02:23:223] [34minfo[39m: [34mMSSQL Connected to 'FME'[39m
[05 May, 2026 - 00:02:42:242] [34minfo[39m: [34mMSSQL Connected to 'FME'[39m
[05 May, 2026 - 00:03:03:33] [34minfo[39m: [34mMSSQL Connected to 'FME'[39m
[05 May, 2026 - 00:03:33:333] [34minfo[39m: [34mMSSQL Connected to 'FME'[39m
[05 May, 2026 - 00:03:55:355] [34minfo[39m: [34mMSSQL Connected to 'FME'[39m
[05 May, 2026 - 00:06:43:643] [34minfo[39m: [34mMSSQL Connected to 'FME'[39m
[05 May, 2026 - 00:07:03:73] [34minfo[39m: [34mMSSQL Connected to 'FME'[39m
[05 May, 2026 - 00:10:01:101] [34minfo[39m: [34mMSSQL Connected to 'FME'[39m
[05 May, 2026 - 00:24:19:2419] [34minfo[39m: [34mMSSQL Connected to 'FME'[39m
[05 May, 2026 - 00:39:10:3910] [34minfo[39m: [34mMSSQL Connected to 'FME'[39m
[05 May, 2026 - 00:39:18:3918] [34minfo[39m: [34mMSSQL Connected to 'FME'[39m
[05 May, 2026 - 00:39:29:3929] [34minfo[39m: [34mMSSQL Connected to 'FME'[39m
[08 May, 2026 - 12:36:13:3613] [34minfo[39m: [34mMSSQL Connected to 'FME'[39m
[12 May, 2026 - 15:37:54:3754] [34minfo[39m: [34mMSSQL Connected to 'FME'[39m
[14 May, 2026 - 13:27:23:2723] [34minfo[39m: [34mMSSQL Connected to 'FME'[39m
[14 May, 2026 - 13:48:17:4817] [34minfo[39m: [34mMSSQL Connected to 'FME'[39m
[15 May, 2026 - 12:31:27:3127] [34minfo[39m: [34mMSSQL Connected to 'FME'[39m
[15 May, 2026 - 12:31:34:3134] [34minfo[39m: [34mMSSQL Connected to 'FME'[39m
[15 May, 2026 - 12:31:40:3140] [34minfo[39m: [34mMSSQL Connected to 'FME'[39m
[15 May, 2026 - 12:31:47:3147] [34minfo[39m: [34mMSSQL Connected to 'FME'[39m
[15 May, 2026 - 12:31:54:3154] [34minfo[39m: [34mMSSQL Connected to 'FME'[39m
[15 May, 2026 - 12:32:06:326] [34minfo[39m: [34mMSSQL Connected to 'FME'[39m
[15 May, 2026 - 12:32:11:3211] [34minfo[39m: [34mMSSQL Connected to 'FME'[39m
[15 May, 2026 - 12:32:17:3217] [34minfo[39m: [34mMSSQL Connected to 'FME'[39m
[15 May, 2026 - 12:32:29:3229] [34minfo[39m: [34mMSSQL Connected to 'FME'[39m
[15 May, 2026 - 12:32:37:3237] [34minfo[39m: [34mMSSQL Connected to 'FME'[39m
[15 May, 2026 - 12:34:27:3427] [34minfo[39m: [34mInitializing SubSection table and cleaning up schema...[39m
[15 May, 2026 - 12:34:27:3427] [34minfo[39m: [34mMSSQL Connected to 'FME'[39m
[15 May, 2026 - 12:34:28:3428] [34minfo[39m: [34mSubSection table initialized successfully[39m
[15 May, 2026 - 12:34:28:3428] [34minfo[39m: [34mSynced user list for sub-section 15: 5 users[39m
[15 May, 2026 - 12:34:28:3428] [34minfo[39m: [34mSynced user list for sub-section 15: 5 users[39m
[15 May, 2026 - 12:34:28:3428] [34minfo[39m: [34mSynced user list for sub-section 26: 0 users[39m
[15 May, 2026 - 12:34:28:3428] [34minfo[39m: [34mSynced user list for sub-section 26: 0 users[39m
[15 May, 2026 - 12:34:28:3428] [34minfo[39m: [34mSynced user list for sub-section 16: 2 users[39m
[15 May, 2026 - 12:34:28:3428] [34minfo[39m: [34mSynced user list for sub-section 16: 2 users[39m
[15 May, 2026 - 12:34:28:3428] [34minfo[39m: [34mSynced user list for sub-section 17: 0 users[39m
[15 May, 2026 - 12:34:28:3428] [34minfo[39m: [34mSynced user list for sub-section 17: 0 users[39m
[15 May, 2026 - 12:34:28:3428] [34minfo[39m: [34mSynced user list for sub-section 19: 1 users[39m
[15 May, 2026 - 12:34:28:3428] [34minfo[39m: [34mSynced user list for sub-section 19: 1 users[39m
[15 May, 2026 - 12:34:28:3428] [34minfo[39m: [34mSynced user list for sub-section 18: 5 users[39m
[15 May, 2026 - 12:34:28:3428] [34minfo[39m: [34mSynced user list for sub-section 18: 5 users[39m
[15 May, 2026 - 12:34:28:3428] [34minfo[39m: [34mSynced user list for sub-section 25: 4 users[39m
[15 May, 2026 - 12:34:28:3428] [34minfo[39m: [34mSynced user list for sub-section 25: 4 users[39m
[15 May, 2026 - 12:34:28:3428] [34minfo[39m: [34mSynced user list for sub-section 24: 0 users[39m
[15 May, 2026 - 12:34:28:3428] [34minfo[39m: [34mSynced user list for sub-section 24: 0 users[39m
[15 May, 2026 - 12:34:28:3428] [34minfo[39m: [34mSynced user list for sub-section 20: 1 users[39m
[15 May, 2026 - 12:34:28:3428] [34minfo[39m: [34mSynced user list for sub-section 20: 1 users[39m
[15 May, 2026 - 12:34:28:3428] [34minfo[39m: [34mSynced user list for sub-section 22: 0 users[39m
[15 May, 2026 - 12:34:28:3428] [34minfo[39m: [34mSynced user list for sub-section 22: 0 users[39m
[15 May, 2026 - 12:34:28:3428] [34minfo[39m: [34mSynced user list for sub-section 21: 0 users[39m
[15 May, 2026 - 12:34:28:3428] [34minfo[39m: [34mSynced user list for sub-section 21: 0 users[39m
[15 May, 2026 - 12:34:28:3428] [34minfo[39m: [34mSynced user list for sub-section 23: 2 users[39m
[15 May, 2026 - 12:34:33:3433] [34minfo[39m: [34mMSSQL Connected to 'FME'[39m
[15 May, 2026 - 12:34:39:3439] [34minfo[39m: [34mMSSQL Connected to 'FME'[39m
[15 May, 2026 - 12:53:57:5357] [34minfo[39m: [34mMSSQL Connected to 'FME'[39m
[15 May, 2026 - 12:54:14:5414] [34minfo[39m: [34mMSSQL Connected to 'FME'[39m
[15 May, 2026 - 12:54:24:5424] [34minfo[39m: [34mMSSQL Connected to 'FME'[39m
[15 May, 2026 - 12:54:31:5431] [34minfo[39m: [34mMSSQL Connected to 'FME'[39m
[15 May, 2026 - 12:55:13:5513] [34minfo[39m: [34mInitializing SubSection table and cleaning up schema...[39m
[15 May, 2026 - 12:55:13:5513] [34minfo[39m: [34mMSSQL Connected to 'FME'[39m
[15 May, 2026 - 12:55:14:5514] [34minfo[39m: [34mSynced user list for sub-section 15: 6 users[39m
[15 May, 2026 - 12:55:14:5514] [34minfo[39m: [34mSynced user list for sub-section 26: 0 users[39m
[15 May, 2026 - 12:55:14:5514] [34minfo[39m: [34mSynced user list for sub-section 16: 2 users[39m
[15 May, 2026 - 12:55:14:5514] [34minfo[39m: [34mSynced user list for sub-section 17: 0 users[39m
[15 May, 2026 - 12:55:14:5514] [34minfo[39m: [34mSynced user list for sub-section 19: 1 users[39m
[15 May, 2026 - 12:55:14:5514] [34minfo[39m: [34mSynced user list for sub-section 18: 5 users[39m
[15 May, 2026 - 12:55:15:5515] [34minfo[39m: [34mSynced user list for sub-section 25: 4 users[39m
[15 May, 2026 - 12:55:15:5515] [34minfo[39m: [34mSynced user list for sub-section 24: 1 users[39m
[15 May, 2026 - 12:55:15:5515] [34minfo[39m: [34mSubSection table initialized successfully[39m
[15 May, 2026 - 12:55:15:5515] [34minfo[39m: [34mSynced user list for sub-section 20: 1 users[39m
[15 May, 2026 - 12:55:15:5515] [34minfo[39m: [34mSynced user list for sub-section 15: 6 users[39m
[15 May, 2026 - 12:55:15:5515] [34minfo[39m: [34mSynced user list for sub-section 22: 0 users[39m
[15 May, 2026 - 12:55:15:5515] [34minfo[39m: [34mSynced user list for sub-section 26: 0 users[39m
[15 May, 2026 - 12:55:15:5515] [34minfo[39m: [34mSynced user list for sub-section 21: 0 users[39m
[15 May, 2026 - 12:55:15:5515] [34minfo[39m: [34mSynced user list for sub-section 16: 2 users[39m
[15 May, 2026 - 12:55:15:5515] [34minfo[39m: [34mSynced user list for sub-section 23: 3 users[39m
[15 May, 2026 - 13:05:00:50] [34minfo[39m: [34mMSSQL Connected to 'FME'[39m
[15 May, 2026 - 13:05:06:56] [34minfo[39m: [34mMSSQL Connected to 'FME'[39m
[15 May, 2026 - 13:05:12:512] [34minfo[39m: [34mMSSQL Connected to 'FME'[39m
[15 May, 2026 - 13:05:17:517] [34minfo[39m: [34mMSSQL Connected to 'FME'[39m
[15 May, 2026 - 13:05:22:522] [34minfo[39m: [34mMSSQL Connected to 'FME'[39m
[15 May, 2026 - 13:05:28:528] [34minfo[39m: [34mMSSQL Connected to 'FME'[39m
[15 May, 2026 - 13:05:36:536] [34minfo[39m: [34mMSSQL Connected to 'FME'[39m
[15 May, 2026 - 13:05:42:542] [34minfo[39m: [34mMSSQL Connected to 'FME'[39m
[15 May, 2026 - 13:06:07:67] [34minfo[39m: [34mMSSQL Connected to 'FME'[39m
[15 May, 2026 - 13:06:13:613] [34minfo[39m: [34mMSSQL Connected to 'FME'[39m
[15 May, 2026 - 13:06:39:639] [34minfo[39m: [34mMSSQL Connected to 'FME'[39m
[15 May, 2026 - 14:56:19:5619] [34minfo[39m: [34mInitializing SubSection table and cleaning up schema...[39m
[15 May, 2026 - 14:56:20:5620] [34minfo[39m: [34mMSSQL Connected to 'FME'[39m
[15 May, 2026 - 14:56:20:5620] [34minfo[39m: [34mSubSection table initialized successfully[39m
[15 May, 2026 - 14:56:20:5620] [34minfo[39m: [34mChecked/Created sections table and migrated columns in MSSQL[39m
[15 May, 2026 - 14:56:20:5620] [34minfo[39m: [34mSynced user list for line 63. Total users: 4[39m
[15 May, 2026 - 14:56:20:5620] [34minfo[39m: [34mSynced user list for line 63. Total users: 4[39m
[15 May, 2026 - 14:56:20:5620] [34minfo[39m: [34mSynced user list for section 29. Total users: 4[39m
[15 May, 2026 - 14:56:20:5620] [34minfo[39m: [34mSynced user list for sub-section 15. Total users: 4[39m
[15 May, 2026 - 14:56:20:5620] [34minfo[39m: [34mSynced user list for section 29. Total users: 4[39m
[15 May, 2026 - 14:56:20:5620] [34minfo[39m: [34mSynced user list for sub-section 15. Total users: 4[39m
[15 May, 2026 - 14:56:20:5620] [34minfo[39m: [34mSynced user list for line 63. Total users: 4[39m
[15 May, 2026 - 14:56:20:5620] [34minfo[39m: [34mSynced user list for line 63. Total users: 4[39m
[15 May, 2026 - 14:56:20:5620] [34minfo[39m: [34mSynced user list for section 29. Total users: 4[39m
[15 May, 2026 - 14:56:20:5620] [34minfo[39m: [34mSynced user list for sub-section 26. Total users: 0[39m
[15 May, 2026 - 14:56:20:5620] [34minfo[39m: [34mSynced user list for section 29. Total users: 4[39m
[15 May, 2026 - 14:56:20:5620] [34minfo[39m: [34mSynced user list for sub-section 26. Total users: 0[39m
[15 May, 2026 - 14:56:20:5620] [34minfo[39m: [34mSynced user list for line 64. Total users: 2[39m
[15 May, 2026 - 14:56:20:5620] [34minfo[39m: [34mSynced user list for line 64. Total users: 2[39m
[15 May, 2026 - 14:56:21:5621] [34minfo[39m: [34mSynced user list for section 37. Total users: 2[39m
[15 May, 2026 - 14:56:21:5621] [34minfo[39m: [34mSynced user list for sub-section 16. Total users: 2[39m
[15 May, 2026 - 14:56:21:5621] [34minfo[39m: [34mSynced user list for section 37. Total users: 2[39m
[15 May, 2026 - 14:56:21:5621] [34minfo[39m: [34mSynced user list for sub-section 16. Total users: 2[39m
[15 May, 2026 - 14:56:21:5621] [34minfo[39m: [34mSynced user list for line 65. Total users: 2[39m
[15 May, 2026 - 14:56:21:5621] [34minfo[39m: [34mSynced user list for line 65. Total users: 2[39m
[15 May, 2026 - 14:56:21:5621] [34minfo[39m: [34mSynced user list for section 38. Total users: 2[39m
[15 May, 2026 - 14:56:21:5621] [34minfo[39m: [34mSynced user list for sub-section 17. Total users: 0[39m
[15 May, 2026 - 14:56:21:5621] [34minfo[39m: [34mSynced user list for section 38. Total users: 2[39m
[15 May, 2026 - 14:56:21:5621] [34minfo[39m: [34mSynced user list for sub-section 17. Total users: 0[39m
[15 May, 2026 - 14:56:21:5621] [34minfo[39m: [34mSynced user list for line 65. Total users: 2[39m
[15 May, 2026 - 14:56:21:5621] [34minfo[39m: [34mSynced user list for line 65. Total users: 2[39m
[15 May, 2026 - 14:56:21:5621] [34minfo[39m: [34mSynced user list for section 38. Total users: 2[39m
[15 May, 2026 - 14:56:21:5621] [34minfo[39m: [34mSynced user list for sub-section 19. Total users: 2[39m
[15 May, 2026 - 14:56:21:5621] [34minfo[39m: [34mSynced user list for section 38. Total users: 2[39m
[15 May, 2026 - 14:56:21:5621] [34minfo[39m: [34mSynced user list for sub-section 19. Total users: 2[39m
[15 May, 2026 - 14:56:21:5621] [34minfo[39m: [34mSynced user list for line 66. Total users: 4[39m
[15 May, 2026 - 14:56:21:5621] [34minfo[39m: [34mSynced user list for line 66. Total users: 4[39m
[15 May, 2026 - 14:56:21:5621] [34minfo[39m: [34mSynced user list for section 39. Total users: 8[39m
[15 May, 2026 - 14:56:21:5621] [34minfo[39m: [34mSynced user list for sub-section 18. Total users: 4[39m
[15 May, 2026 - 14:56:21:5621] [34minfo[39m: [34mSynced user list for section 39. Total users: 8[39m
[15 May, 2026 - 14:56:21:5621] [34minfo[39m: [34mSynced user list for sub-section 18. Total users: 4[39m
[15 May, 2026 - 14:56:21:5621] [34minfo[39m: [34mSynced user list for line 67. Total users: 5[39m
[15 May, 2026 - 14:56:21:5621] [34minfo[39m: [34mSynced user list for line 67. Total users: 5[39m
[15 May, 2026 - 14:56:21:5621] [34minfo[39m: [34mSynced user list for section 39. Total users: 8[39m
[15 May, 2026 - 14:56:21:5621] [34minfo[39m: [34mSynced user list for sub-section 25. Total users: 5[39m
[15 May, 2026 - 14:56:21:5621] [34minfo[39m: [34mSynced user list for section 39. Total users: 8[39m
[15 May, 2026 - 14:56:21:5621] [34minfo[39m: [34mSynced user list for sub-section 25. Total users: 5[39m
[15 May, 2026 - 14:56:21:5621] [34minfo[39m: [34mSynced user list for line 70. Total users: 1[39m
[15 May, 2026 - 14:56:21:5621] [34minfo[39m: [34mSynced user list for line 70. Total users: 1[39m
[15 May, 2026 - 14:56:21:5621] [34minfo[39m: [34mSynced user list for section 40. Total users: 1[39m
[15 May, 2026 - 14:56:21:5621] [34minfo[39m: [34mSynced user list for sub-section 24. Total users: 1[39m
[15 May, 2026 - 14:56:21:5621] [34minfo[39m: [34mSynced user list for section 40. Total users: 1[39m
[15 May, 2026 - 14:56:21:5621] [34minfo[39m: [34mSynced user list for sub-section 24. Total users: 1[39m
[15 May, 2026 - 14:56:21:5621] [34minfo[39m: [34mSynced user list for line 71. Total users: 1[39m
[15 May, 2026 - 14:56:21:5621] [34minfo[39m: [34mSynced user list for line 71. Total users: 1[39m
[15 May, 2026 - 14:56:21:5621] [34minfo[39m: [34mSynced user list for section 41. Total users: 3[39m
[15 May, 2026 - 14:56:21:5621] [34minfo[39m: [34mSynced user list for sub-section 20. Total users: 1[39m
[15 May, 2026 - 14:56:21:5621] [34minfo[39m: [34mSynced user list for section 41. Total users: 3[39m
[15 May, 2026 - 14:56:21:5621] [34minfo[39m: [34mSynced user list for sub-section 20. Total users: 1[39m
[15 May, 2026 - 14:56:21:5621] [34minfo[39m: [34mSynced user list for line 72. Total users: 0[39m
[15 May, 2026 - 14:56:21:5621] [34minfo[39m: [34mSynced user list for line 72. Total users: 0[39m
[15 May, 2026 - 14:56:21:5621] [34minfo[39m: [34mSynced user list for section 40. Total users: 1[39m
[15 May, 2026 - 14:56:21:5621] [34minfo[39m: [34mSynced user list for sub-section 22. Total users: 0[39m
[15 May, 2026 - 14:56:21:5621] [34minfo[39m: [34mSynced user list for section 40. Total users: 1[39m
[15 May, 2026 - 14:56:21:5621] [34minfo[39m: [34mSynced user list for sub-section 22. Total users: 0[39m
[15 May, 2026 - 14:56:21:5621] [34minfo[39m: [34mSynced user list for line 73. Total users: 0[39m
[15 May, 2026 - 14:56:21:5621] [34minfo[39m: [34mSynced user list for line 73. Total users: 0[39m
[15 May, 2026 - 14:56:21:5621] [34minfo[39m: [34mSynced user list for section 40. Total users: 1[39m
[15 May, 2026 - 14:56:21:5621] [34minfo[39m: [34mSynced user list for sub-section 21. Total users: 0[39m
[15 May, 2026 - 14:56:21:5621] [34minfo[39m: [34mSynced user list for section 40. Total users: 1[39m
[15 May, 2026 - 14:56:21:5621] [34minfo[39m: [34mSynced user list for sub-section 21. Total users: 0[39m
[15 May, 2026 - 14:56:21:5621] [34minfo[39m: [34mSynced user list for line 75. Total users: 3[39m
[15 May, 2026 - 14:56:21:5621] [34minfo[39m: [34mSynced user list for line 75. Total users: 3[39m
[15 May, 2026 - 14:56:21:5621] [34minfo[39m: [34mSynced user list for section 41. Total users: 3[39m
[15 May, 2026 - 14:56:21:5621] [34minfo[39m: [34mSynced user list for sub-section 23. Total users: 3[39m
[15 May, 2026 - 14:56:21:5621] [34minfo[39m: [34mSynced user list for section 41. Total users: 3[39m
[15 May, 2026 - 14:56:21:5621] [34minfo[39m: [34mSynced user list for sub-section 23. Total users: 3[39m
[15 May, 2026 - 14:56:21:5621] [34minfo[39m: [34mSynced user list for line 70. Total users: 1[39m
[15 May, 2026 - 14:56:21:5621] [34minfo[39m: [34mSynced user list for section 40. Total users: 1[39m
[15 May, 2026 - 14:56:21:5621] [34minfo[39m: [34mSynced user list for line 66. Total users: 4[39m
[15 May, 2026 - 14:56:21:5621] [34minfo[39m: [34mSynced user list for section 39. Total users: 8[39m
[15 May, 2026 - 14:56:21:5621] [34minfo[39m: [34mSynced user list for line 73. Total users: 0[39m
[15 May, 2026 - 14:56:21:5621] [34minfo[39m: [34mSynced user list for section 40. Total users: 1[39m
[15 May, 2026 - 14:56:21:5621] [34minfo[39m: [34mSynced user list for line 63. Total users: 4[39m
[15 May, 2026 - 14:56:21:5621] [34minfo[39m: [34mSynced user list for section 29. Total users: 4[39m
[15 May, 2026 - 14:56:21:5621] [34minfo[39m: [34mSynced user list for line 64. Total users: 2[39m
[15 May, 2026 - 14:56:21:5621] [34minfo[39m: [34mSynced user list for section 37. Total users: 2[39m
[15 May, 2026 - 14:56:21:5621] [34minfo[39m: [34mSynced user list for line 72. Total users: 0[39m
[15 May, 2026 - 14:56:21:5621] [34minfo[39m: [34mSynced user list for section 40. Total users: 1[39m
[15 May, 2026 - 14:56:21:5621] [34minfo[39m: [34mSynced user list for line 65. Total users: 2[39m
[15 May, 2026 - 14:56:21:5621] [34minfo[39m: [34mSynced user list for section 38. Total users: 2[39m
[15 May, 2026 - 14:56:21:5621] [34minfo[39m: [34mSynced user list for line 67. Total users: 5[39m
[15 May, 2026 - 14:56:21:5621] [34minfo[39m: [34mSynced user list for section 39. Total users: 8[39m
[15 May, 2026 - 14:56:21:5621] [34minfo[39m: [34mSynced user list for line 71. Total users: 1[39m
[15 May, 2026 - 14:56:21:5621] [34minfo[39m: [34mSynced user list for section 41. Total users: 3[39m
[15 May, 2026 - 14:56:21:5621] [34minfo[39m: [34mSynced user list for line 75. Total users: 3[39m
[15 May, 2026 - 14:56:21:5621] [34minfo[39m: [34mSynced user list for section 41. Total users: 3[39m
[15 May, 2026 - 14:56:21:5621] [34minfo[39m: [34mSynced user list for section 29. Total users: 4[39m
[15 May, 2026 - 14:56:21:5621] [34minfo[39m: [34mSynced user list for section 32. Total users: 0[39m
[15 May, 2026 - 14:56:21:5621] [34minfo[39m: [34mSynced user list for section 36. Total users: 0[39m
[15 May, 2026 - 14:56:21:5621] [34minfo[39m: [34mSynced user list for section 40. Total users: 1[39m
[15 May, 2026 - 14:56:21:5621] [34minfo[39m: [34mSynced user list for section 41. Total users: 3[39m
[15 May, 2026 - 14:56:21:5621] [34minfo[39m: [34mSynced user list for section 37. Total users: 2[39m
[15 May, 2026 - 14:56:21:5621] [34minfo[39m: [34mSynced user list for section 38. Total users: 2[39m
[15 May, 2026 - 14:56:21:5621] [34minfo[39m: [34mSynced user list for section 39. Total users: 8[39m
[15 May, 2026 - 15:45:41:4541] [34minfo[39m: [34mMSSQL Connected to 'FME'[39m
[15 May, 2026 - 15:46:38:4638] [34minfo[39m: [34mMSSQL Connected to 'FME'[39m
[15 May, 2026 - 15:46:39:4639] [34minfo[39m: [34mSynced user list for line 63. Total users: 2[39m
[15 May, 2026 - 15:46:39:4639] [34minfo[39m: [34mSynced user list for section 29. Total users: 2[39m
[15 May, 2026 - 15:46:39:4639] [34minfo[39m: [34mSynced user list for sub-section 15. Total users: 2[39m
[15 May, 2026 - 15:46:39:4639] [34minfo[39m: [34mSynced user list for line 63. Total users: 2[39m
[15 May, 2026 - 15:46:39:4639] [34minfo[39m: [34mSynced user list for section 29. Total users: 2[39m
[15 May, 2026 - 15:46:39:4639] [34minfo[39m: [34mSynced user list for sub-section 26. Total users: 0[39m
[15 May, 2026 - 15:46:39:4639] [34minfo[39m: [34mSynced user list for line 64. Total users: 2[39m
[15 May, 2026 - 15:46:39:4639] [34minfo[39m: [34mSynced user list for section 37. Total users: 2[39m
[15 May, 2026 - 15:46:39:4639] [34minfo[39m: [34mSynced user list for sub-section 16. Total users: 2[39m
[15 May, 2026 - 15:46:39:4639] [34minfo[39m: [34mSynced user list for line 65. Total users: 3[39m
[15 May, 2026 - 15:46:39:4639] [34minfo[39m: [34mSynced user list for section 38. Total users: 3[39m
[15 May, 2026 - 15:46:39:4639] [34minfo[39m: [34mSynced user list for sub-section 17. Total users: 0[39m
[15 May, 2026 - 15:46:39:4639] [34minfo[39m: [34mSynced user list for line 65. Total users: 3[39m
[15 May, 2026 - 15:46:39:4639] [34minfo[39m: [34mSynced user list for section 38. Total users: 3[39m
[15 May, 2026 - 15:46:39:4639] [34minfo[39m: [34mSynced user list for sub-section 19. Total users: 3[39m
[15 May, 2026 - 15:46:39:4639] [34minfo[39m: [34mSynced user list for line 66. Total users: 5[39m
[15 May, 2026 - 15:46:39:4639] [34minfo[39m: [34mSynced user list for section 39. Total users: 10[39m
[15 May, 2026 - 15:46:39:4639] [34minfo[39m: [34mSynced user list for sub-section 18. Total users: 5[39m
[15 May, 2026 - 15:46:39:4639] [34minfo[39m: [34mSynced user list for line 67. Total users: 6[39m
[15 May, 2026 - 15:46:39:4639] [34minfo[39m: [34mSynced user list for section 39. Total users: 10[39m
[15 May, 2026 - 15:46:39:4639] [34minfo[39m: [34mSynced user list for sub-section 25. Total users: 6[39m
[15 May, 2026 - 15:46:39:4639] [34minfo[39m: [34mSynced user list for line 70. Total users: 1[39m
[15 May, 2026 - 15:46:39:4639] [34minfo[39m: [34mSynced user list for section 40. Total users: 1[39m
[15 May, 2026 - 15:46:39:4639] [34minfo[39m: [34mSynced user list for sub-section 24. Total users: 1[39m
[15 May, 2026 - 15:46:39:4639] [34minfo[39m: [34mSynced user list for line 71. Total users: 1[39m
[15 May, 2026 - 15:46:39:4639] [34minfo[39m: [34mSynced user list for section 41. Total users: 3[39m
[15 May, 2026 - 15:46:39:4639] [34minfo[39m: [34mSynced user list for sub-section 20. Total users: 1[39m
[15 May, 2026 - 15:46:39:4639] [34minfo[39m: [34mSynced user list for line 72. Total users: 0[39m
[15 May, 2026 - 15:46:39:4639] [34minfo[39m: [34mSynced user list for section 40. Total users: 1[39m
[15 May, 2026 - 15:46:39:4639] [34minfo[39m: [34mSynced user list for sub-section 22. Total users: 0[39m
[15 May, 2026 - 15:46:39:4639] [34minfo[39m: [34mSynced user list for line 73. Total users: 0[39m
[15 May, 2026 - 15:46:39:4639] [34minfo[39m: [34mSynced user list for section 40. Total users: 1[39m
[15 May, 2026 - 15:46:39:4639] [34minfo[39m: [34mSynced user list for sub-section 21. Total users: 0[39m
[15 May, 2026 - 15:46:39:4639] [34minfo[39m: [34mSynced user list for line 75. Total users: 3[39m
[15 May, 2026 - 15:46:39:4639] [34minfo[39m: [34mSynced user list for section 41. Total users: 3[39m
[15 May, 2026 - 15:55:25:5525] [34minfo[39m: [34mMSSQL Connected to 'FME'[39m
[15 May, 2026 - 15:55:25:5525] [34minfo[39m: [34mSynced user list for line 63. Total users: 2[39m
[15 May, 2026 - 15:55:25:5525] [34minfo[39m: [34mSynced user list for section 29. Total users: 2[39m
[15 May, 2026 - 15:55:25:5525] [34minfo[39m: [34mSynced user list for sub-section 15. Total users: 2[39m
[15 May, 2026 - 15:55:25:5525] [34minfo[39m: [34mSynced user list for line 63. Total users: 2[39m
[15 May, 2026 - 15:55:25:5525] [34minfo[39m: [34mSynced user list for section 29. Total users: 2[39m
[15 May, 2026 - 15:55:25:5525] [34minfo[39m: [34mSynced user list for sub-section 26. Total users: 0[39m
[15 May, 2026 - 15:55:25:5525] [34minfo[39m: [34mSynced user list for line 64. Total users: 2[39m
[15 May, 2026 - 15:55:25:5525] [34minfo[39m: [34mSynced user list for section 37. Total users: 2[39m
[15 May, 2026 - 15:55:25:5525] [34minfo[39m: [34mSynced user list for sub-section 16. Total users: 2[39m
[15 May, 2026 - 15:55:25:5525] [34minfo[39m: [34mSynced user list for line 65. Total users: 3[39m
[15 May, 2026 - 15:55:25:5525] [34minfo[39m: [34mSynced user list for section 38. Total users: 3[39m
[15 May, 2026 - 15:55:25:5525] [34minfo[39m: [34mSynced user list for sub-section 17. Total users: 0[39m
[15 May, 2026 - 15:55:25:5525] [34minfo[39m: [34mSynced user list for line 65. Total users: 3[39m
[15 May, 2026 - 15:55:25:5525] [34minfo[39m: [34mSynced user list for section 38. Total users: 3[39m
[15 May, 2026 - 15:55:25:5525] [34minfo[39m: [34mSynced user list for sub-section 19. Total users: 3[39m
[15 May, 2026 - 15:55:25:5525] [34minfo[39m: [34mSynced user list for line 66. Total users: 5[39m
[15 May, 2026 - 15:55:25:5525] [34minfo[39m: [34mSynced user list for section 39. Total users: 10[39m
[15 May, 2026 - 15:55:25:5525] [34minfo[39m: [34mSynced user list for sub-section 18. Total users: 5[39m
[15 May, 2026 - 15:55:25:5525] [34minfo[39m: [34mSynced user list for line 67. Total users: 6[39m
[15 May, 2026 - 15:55:25:5525] [34minfo[39m: [34mSynced user list for section 39. Total users: 10[39m
[15 May, 2026 - 15:55:25:5525] [34minfo[39m: [34mSynced user list for sub-section 25. Total users: 6[39m
[15 May, 2026 - 15:55:25:5525] [34minfo[39m: [34mSynced user list for line 70. Total users: 1[39m
[15 May, 2026 - 15:55:25:5525] [34minfo[39m: [34mSynced user list for section 40. Total users: 1[39m
[15 May, 2026 - 15:55:25:5525] [34minfo[39m: [34mSynced user list for sub-section 24. Total users: 1[39m
[15 May, 2026 - 15:55:25:5525] [34minfo[39m: [34mSynced user list for line 71. Total users: 1[39m
[15 May, 2026 - 15:55:25:5525] [34minfo[39m: [34mSynced user list for section 41. Total users: 3[39m
[15 May, 2026 - 15:55:25:5525] [34minfo[39m: [34mSynced user list for sub-section 20. Total users: 1[39m
[15 May, 2026 - 15:55:25:5525] [34minfo[39m: [34mSynced user list for line 72. Total users: 0[39m
[15 May, 2026 - 15:55:25:5525] [34minfo[39m: [34mSynced user list for section 40. Total users: 1[39m
[15 May, 2026 - 15:55:25:5525] [34minfo[39m: [34mSynced user list for sub-section 22. Total users: 0[39m
[15 May, 2026 - 15:55:25:5525] [34minfo[39m: [34mSynced user list for line 73. Total users: 0[39m
[15 May, 2026 - 15:55:25:5525] [34minfo[39m: [34mSynced user list for section 40. Total users: 1[39m
[15 May, 2026 - 15:55:25:5525] [34minfo[39m: [34mSynced user list for sub-section 21. Total users: 0[39m
[15 May, 2026 - 15:55:25:5525] [34minfo[39m: [34mSynced user list for line 75. Total users: 3[39m
[15 May, 2026 - 15:55:25:5525] [34minfo[39m: [34mSynced user list for section 41. Total users: 3[39m
[15 May, 2026 - 15:57:41:5741] [34minfo[39m: [34mMSSQL Connected to 'FME'[39m
[15 May, 2026 - 15:57:42:5742] [34minfo[39m: [34mSynced user list for line 63. Total users: 2[39m
[15 May, 2026 - 15:57:42:5742] [34minfo[39m: [34mSynced user list for section 29. Total users: 2[39m
[15 May, 2026 - 15:57:42:5742] [34minfo[39m: [34mSynced user list for sub-section 15. Total users: 2[39m
[15 May, 2026 - 15:57:42:5742] [34minfo[39m: [34mSynced user list for line 63. Total users: 2[39m
[15 May, 2026 - 15:57:42:5742] [34minfo[39m: [34mSynced user list for section 29. Total users: 2[39m
[15 May, 2026 - 15:57:42:5742] [34minfo[39m: [34mSynced user list for sub-section 26. Total users: 0[39m
[15 May, 2026 - 15:57:42:5742] [34minfo[39m: [34mSynced user list for line 64. Total users: 2[39m
[15 May, 2026 - 15:57:42:5742] [34minfo[39m: [34mSynced user list for section 37. Total users: 2[39m
[15 May, 2026 - 15:57:42:5742] [34minfo[39m: [34mSynced user list for sub-section 16. Total users: 2[39m
[15 May, 2026 - 15:57:42:5742] [34minfo[39m: [34mSynced user list for line 65. Total users: 3[39m
[15 May, 2026 - 15:57:42:5742] [34minfo[39m: [34mSynced user list for section 38. Total users: 3[39m
[15 May, 2026 - 15:57:42:5742] [34minfo[39m: [34mSynced user list for sub-section 17. Total users: 0[39m
[15 May, 2026 - 15:57:42:5742] [34minfo[39m: [34mSynced user list for line 65. Total users: 3[39m
[15 May, 2026 - 15:57:42:5742] [34minfo[39m: [34mSynced user list for section 38. Total users: 3[39m
[15 May, 2026 - 15:57:42:5742] [34minfo[39m: [34mSynced user list for sub-section 19. Total users: 3[39m
[15 May, 2026 - 15:57:42:5742] [34minfo[39m: [34mSynced user list for line 66. Total users: 5[39m
[15 May, 2026 - 15:57:42:5742] [34minfo[39m: [34mSynced user list for section 39. Total users: 10[39m
[15 May, 2026 - 15:57:42:5742] [34minfo[39m: [34mSynced user list for sub-section 18. Total users: 5[39m
[15 May, 2026 - 15:57:42:5742] [34minfo[39m: [34mSynced user list for line 67. Total users: 6[39m
[15 May, 2026 - 15:57:42:5742] [34minfo[39m: [34mSynced user list for section 39. Total users: 10[39m
[15 May, 2026 - 15:57:42:5742] [34minfo[39m: [34mSynced user list for sub-section 25. Total users: 6[39m
[15 May, 2026 - 15:57:42:5742] [34minfo[39m: [34mSynced user list for line 70. Total users: 1[39m
[15 May, 2026 - 15:57:42:5742] [34minfo[39m: [34mSynced user list for section 40. Total users: 1[39m
[15 May, 2026 - 15:57:42:5742] [34minfo[39m: [34mSynced user list for sub-section 24. Total users: 1[39m
[15 May, 2026 - 15:57:42:5742] [34minfo[39m: [34mSynced user list for line 71. Total users: 1[39m
[15 May, 2026 - 15:57:42:5742] [34minfo[39m: [34mSynced user list for section 41. Total users: 3[39m
[15 May, 2026 - 15:57:42:5742] [34minfo[39m: [34mSynced user list for sub-section 20. Total users: 1[39m
[15 May, 2026 - 15:57:42:5742] [34minfo[39m: [34mSynced user list for line 72. Total users: 0[39m
[15 May, 2026 - 15:57:42:5742] [34minfo[39m: [34mSynced user list for section 40. Total users: 1[39m
[15 May, 2026 - 15:57:42:5742] [34minfo[39m: [34mSynced user list for sub-section 22. Total users: 0[39m
[15 May, 2026 - 15:57:42:5742] [34minfo[39m: [34mSynced user list for line 73. Total users: 0[39m
[15 May, 2026 - 15:57:42:5742] [34minfo[39m: [34mSynced user list for section 40. Total users: 1[39m
[15 May, 2026 - 15:57:42:5742] [34minfo[39m: [34mSynced user list for sub-section 21. Total users: 0[39m
[15 May, 2026 - 15:57:42:5742] [34minfo[39m: [34mSynced user list for line 75. Total users: 3[39m
[15 May, 2026 - 15:57:42:5742] [34minfo[39m: [34mSynced user list for section 41. Total users: 3[39m
[15 May, 2026 - 16:02:25:225] [34minfo[39m: [34mMSSQL Connected to 'FME'[39m
[15 May, 2026 - 16:03:13:313] [34minfo[39m: [34mMSSQL Connected to 'FME'[39m
[15 May, 2026 - 16:03:28:328] [34minfo[39m: [34mMSSQL Connected to 'FME'[39m
[15 May, 2026 - 16:14:29:1429] [34minfo[39m: [34mMSSQL Connected to 'FME'[39m
[15 May, 2026 - 16:14:30:1430] [34minfo[39m: [34mSynced user list for sub-section 15. Total users: 2[39m
[15 May, 2026 - 16:14:30:1430] [34minfo[39m: [34mSynced user list for line 63. Total users: 2[39m
[15 May, 2026 - 16:14:30:1430] [34minfo[39m: [34mSynced user list for section 29. Total users: 2[39m
[15 May, 2026 - 16:14:30:1430] [34minfo[39m: [34mSynced user list for sub-section 26. Total users: 0[39m
[15 May, 2026 - 16:14:30:1430] [34minfo[39m: [34mSynced user list for line 63. Total users: 2[39m
[15 May, 2026 - 16:14:30:1430] [34minfo[39m: [34mSynced user list for section 29. Total users: 2[39m
[15 May, 2026 - 16:14:30:1430] [34minfo[39m: [34mSynced user list for sub-section 16. Total users: 2[39m
[15 May, 2026 - 16:14:30:1430] [34minfo[39m: [34mSynced user list for line 64. Total users: 2[39m
[15 May, 2026 - 16:14:30:1430] [34minfo[39m: [34mSynced user list for section 37. Total users: 2[39m
[15 May, 2026 - 16:14:30:1430] [34minfo[39m: [34mSynced user list for sub-section 17. Total users: 0[39m
[15 May, 2026 - 16:14:30:1430] [34minfo[39m: [34mSynced user list for line 65. Total users: 3[39m
[15 May, 2026 - 16:14:30:1430] [34minfo[39m: [34mSynced user list for section 38. Total users: 3[39m
[15 May, 2026 - 16:14:30:1430] [34minfo[39m: [34mSynced user list for sub-section 19. Total users: 3[39m
[15 May, 2026 - 16:14:30:1430] [34minfo[39m: [34mSynced user list for line 65. Total users: 3[39m
[15 May, 2026 - 16:14:30:1430] [34minfo[39m: [34mSynced user list for section 38. Total users: 3[39m
[15 May, 2026 - 16:14:30:1430] [34minfo[39m: [34mSynced user list for sub-section 18. Total users: 5[39m
[15 May, 2026 - 16:14:30:1430] [34minfo[39m: [34mSynced user list for line 66. Total users: 5[39m
[15 May, 2026 - 16:14:30:1430] [34minfo[39m: [34mSynced user list for section 39. Total users: 10[39m
[15 May, 2026 - 16:14:30:1430] [34minfo[39m: [34mSynced user list for sub-section 25. Total users: 6[39m
[15 May, 2026 - 16:14:30:1430] [34minfo[39m: [34mSynced user list for line 67. Total users: 6[39m
[15 May, 2026 - 16:14:30:1430] [34minfo[39m: [34mSynced user list for section 39. Total users: 10[39m
[15 May, 2026 - 16:14:30:1430] [34minfo[39m: [34mSynced user list for sub-section 24. Total users: 1[39m
[15 May, 2026 - 16:14:30:1430] [34minfo[39m: [34mSynced user list for line 70. Total users: 1[39m
[15 May, 2026 - 16:14:30:1430] [34minfo[39m: [34mSynced user list for section 40. Total users: 1[39m
[15 May, 2026 - 16:14:30:1430] [34minfo[39m: [34mSynced user list for sub-section 20. Total users: 1[39m
[15 May, 2026 - 16:14:30:1430] [34minfo[39m: [34mSynced user list for line 71. Total users: 1[39m
[15 May, 2026 - 16:14:30:1430] [34minfo[39m: [34mSynced user list for section 41. Total users: 30[39m
[15 May, 2026 - 16:14:30:1430] [34minfo[39m: [34mSynced user list for sub-section 22. Total users: 0[39m
[15 May, 2026 - 16:14:30:1430] [34minfo[39m: [34mSynced user list for line 72. Total users: 0[39m
[15 May, 2026 - 16:14:30:1430] [34minfo[39m: [34mSynced user list for section 40. Total users: 1[39m
[15 May, 2026 - 16:14:30:1430] [34minfo[39m: [34mSynced user list for sub-section 21. Total users: 0[39m
[15 May, 2026 - 16:14:30:1430] [34minfo[39m: [34mSynced user list for line 73. Total users: 0[39m
[15 May, 2026 - 16:14:30:1430] [34minfo[39m: [34mSynced user list for section 40. Total users: 1[39m
[15 May, 2026 - 16:14:30:1430] [34minfo[39m: [34mSynced user list for sub-section 23. Total users: 3[39m
[15 May, 2026 - 16:14:30:1430] [34minfo[39m: [34mSynced user list for line 75. Total users: 3[39m
[15 May, 2026 - 16:14:30:1430] [34minfo[39m: [34mSynced user list for section 41. Total users: 30[39m
[15 May, 2026 - 16:14:30:1430] [34minfo[39m: [34mSynced user list for line 70. Total users: 1[39m
[15 May, 2026 - 16:14:30:1430] [34minfo[39m: [34mSynced user list for section 40. Total users: 1[39m
[15 May, 2026 - 16:14:30:1430] [34minfo[39m: [34mSynced user list for line 66. Total users: 5[39m
[15 May, 2026 - 16:14:30:1430] [34minfo[39m: [34mSynced user list for section 39. Total users: 10[39m
[15 May, 2026 - 16:14:30:1430] [34minfo[39m: [34mSynced user list for line 73. Total users: 0[39m
[15 May, 2026 - 16:14:30:1430] [34minfo[39m: [34mSynced user list for section 40. Total users: 1[39m
[15 May, 2026 - 16:14:30:1430] [34minfo[39m: [34mSynced user list for line 63. Total users: 2[39m
[15 May, 2026 - 16:14:30:1430] [34minfo[39m: [34mSynced user list for section 29. Total users: 2[39m
[15 May, 2026 - 16:14:30:1430] [34minfo[39m: [34mSynced user list for line 64. Total users: 2[39m
[15 May, 2026 - 16:14:30:1430] [34minfo[39m: [34mSynced user list for section 37. Total users: 2[39m
[15 May, 2026 - 16:14:30:1430] [34minfo[39m: [34mSynced user list for line 72. Total users: 0[39m
[15 May, 2026 - 16:14:30:1430] [34minfo[39m: [34mSynced user list for section 40. Total users: 1[39m
[15 May, 2026 - 16:14:30:1430] [34minfo[39m: [34mSynced user list for line 65. Total users: 3[39m
[15 May, 2026 - 16:14:30:1430] [34minfo[39m: [34mSynced user list for section 38. Total users: 3[39m
[15 May, 2026 - 16:14:30:1430] [34minfo[39m: [34mSynced user list for line 67. Total users: 6[39m
[15 May, 2026 - 16:14:30:1430] [34minfo[39m: [34mSynced user list for section 39. Total users: 10[39m
[15 May, 2026 - 16:14:30:1430] [34minfo[39m: [34mSynced user list for line 71. Total users: 1[39m
[15 May, 2026 - 16:14:30:1430] [34minfo[39m: [34mSynced user list for section 41. Total users: 30[39m
[15 May, 2026 - 16:14:30:1430] [34minfo[39m: [34mSynced user list for line 75. Total users: 3[39m
[15 May, 2026 - 16:14:30:1430] [34minfo[39m: [34mSynced user list for section 41. Total users: 30[39m
[15 May, 2026 - 16:14:30:1430] [34minfo[39m: [34mSynced user list for section 29. Total users: 2[39m
[15 May, 2026 - 16:14:30:1430] [34minfo[39m: [34mSynced user list for section 32. Total users: 0[39m
[15 May, 2026 - 16:14:30:1430] [34minfo[39m: [34mSynced user list for section 36. Total users: 0[39m
[15 May, 2026 - 16:14:30:1430] [34minfo[39m: [34mSynced user list for section 40. Total users: 1[39m
[15 May, 2026 - 16:14:30:1430] [34minfo[39m: [34mSynced user list for section 41. Total users: 30[39m
[15 May, 2026 - 16:14:30:1430] [34minfo[39m: [34mSynced user list for section 37. Total users: 2[39m
[15 May, 2026 - 16:14:31:1431] [34minfo[39m: [34mSynced user list for section 38. Total users: 3[39m
[15 May, 2026 - 16:14:31:1431] [34minfo[39m: [34mSynced user list for section 39. Total users: 10[39m
[15 May, 2026 - 16:18:12:1812] [34minfo[39m: [34mMSSQL Connected to 'FME'[39m
[15 May, 2026 - 16:22:04:224] [34minfo[39m: [34mMSSQL Connected to 'FME'[39m
[15 May, 2026 - 16:22:05:225] [34minfo[39m: [34mSynced user list for sub-section 15. Total users: 2[39m
[15 May, 2026 - 16:22:05:225] [34minfo[39m: [34mSynced user list for line 63. Total users: 2[39m
[15 May, 2026 - 16:22:05:225] [34minfo[39m: [34mSynced user list for section 29. Total users: 2[39m
[15 May, 2026 - 16:22:05:225] [34minfo[39m: [34mSynced user list for sub-section 26. Total users: 0[39m
[15 May, 2026 - 16:22:05:225] [34minfo[39m: [34mSynced user list for line 63. Total users: 2[39m
[15 May, 2026 - 16:22:05:225] [34minfo[39m: [34mSynced user list for section 29. Total users: 2[39m
[15 May, 2026 - 16:22:05:225] [34minfo[39m: [34mSynced user list for sub-section 16. Total users: 2[39m
[15 May, 2026 - 16:22:05:225] [34minfo[39m: [34mSynced user list for line 64. Total users: 2[39m
[15 May, 2026 - 16:22:05:225] [34minfo[39m: [34mSynced user list for section 37. Total users: 2[39m
[15 May, 2026 - 16:22:05:225] [34minfo[39m: [34mSynced user list for sub-section 17. Total users: 0[39m
[15 May, 2026 - 16:22:05:225] [34minfo[39m: [34mSynced user list for line 65. Total users: 3[39m
[15 May, 2026 - 16:22:05:225] [34minfo[39m: [34mSynced user list for section 38. Total users: 3[39m
[15 May, 2026 - 16:22:05:225] [34minfo[39m: [34mSynced user list for sub-section 19. Total users: 3[39m
[15 May, 2026 - 16:22:05:225] [34minfo[39m: [34mSynced user list for line 65. Total users: 3[39m
[15 May, 2026 - 16:22:05:225] [34minfo[39m: [34mSynced user list for section 38. Total users: 3[39m
[15 May, 2026 - 16:22:05:225] [34minfo[39m: [34mSynced user list for sub-section 18. Total users: 5[39m
[15 May, 2026 - 16:22:05:225] [34minfo[39m: [34mSynced user list for line 66. Total users: 5[39m
[15 May, 2026 - 16:22:05:225] [34minfo[39m: [34mSynced user list for section 39. Total users: 10[39m
[15 May, 2026 - 16:22:05:225] [34minfo[39m: [34mSynced user list for sub-section 25. Total users: 6[39m
[15 May, 2026 - 16:22:05:225] [34minfo[39m: [34mSynced user list for line 67. Total users: 6[39m
[15 May, 2026 - 16:22:05:225] [34minfo[39m: [34mSynced user list for section 39. Total users: 10[39m
[15 May, 2026 - 16:22:05:225] [34minfo[39m: [34mSynced user list for sub-section 24. Total users: 1[39m
[15 May, 2026 - 16:22:05:225] [34minfo[39m: [34mSynced user list for line 70. Total users: 1[39m
[15 May, 2026 - 16:22:05:225] [34minfo[39m: [34mSynced user list for section 40. Total users: 1[39m
[15 May, 2026 - 16:22:05:225] [34minfo[39m: [34mSynced user list for sub-section 20. Total users: 1[39m
[15 May, 2026 - 16:22:05:225] [34minfo[39m: [34mSynced user list for line 71. Total users: 1[39m
[15 May, 2026 - 16:22:05:225] [34minfo[39m: [34mSynced user list for section 41. Total users: 3[39m
[15 May, 2026 - 16:22:05:225] [34minfo[39m: [34mSynced user list for sub-section 22. Total users: 0[39m
[15 May, 2026 - 16:22:05:225] [34minfo[39m: [34mSynced user list for line 72. Total users: 0[39m
[15 May, 2026 - 16:22:05:225] [34minfo[39m: [34mSynced user list for section 40. Total users: 1[39m
[15 May, 2026 - 16:22:05:225] [34minfo[39m: [34mSynced user list for sub-section 21. Total users: 0[39m
[15 May, 2026 - 16:22:05:225] [34minfo[39m: [34mSynced user list for line 73. Total users: 0[39m
[15 May, 2026 - 16:22:05:225] [34minfo[39m: [34mSynced user list for section 40. Total users: 1[39m
[15 May, 2026 - 16:22:05:225] [34minfo[39m: [34mSynced user list for sub-section 23. Total users: 3[39m
[15 May, 2026 - 16:22:05:225] [34minfo[39m: [34mSynced user list for line 75. Total users: 3[39m
[15 May, 2026 - 16:22:05:225] [34minfo[39m: [34mSynced user list for section 41. Total users: 3[39m
[15 May, 2026 - 16:22:05:225] [34minfo[39m: [34mSynced user list for line 70. Total users: 1[39m
[15 May, 2026 - 16:22:05:225] [34minfo[39m: [34mSynced user list for section 40. Total users: 1[39m
[15 May, 2026 - 16:22:05:225] [34minfo[39m: [34mSynced user list for line 66. Total users: 5[39m
[15 May, 2026 - 16:22:05:225] [34minfo[39m: [34mSynced user list for section 39. Total users: 10[39m
[15 May, 2026 - 16:22:05:225] [34minfo[39m: [34mSynced user list for line 73. Total users: 0[39m
[15 May, 2026 - 16:22:05:225] [34minfo[39m: [34mSynced user list for section 40. Total users: 1[39m
[15 May, 2026 - 16:22:05:225] [34minfo[39m: [34mSynced user list for line 63. Total users: 2[39m
[15 May, 2026 - 16:22:05:225] [34minfo[39m: [34mSynced user list for section 29. Total users: 2[39m
[15 May, 2026 - 16:22:05:225] [34minfo[39m: [34mSynced user list for line 64. Total users: 2[39m
[15 May, 2026 - 16:22:05:225] [34minfo[39m: [34mSynced user list for section 37. Total users: 2[39m
[15 May, 2026 - 16:22:05:225] [34minfo[39m: [34mSynced user list for line 72. Total users: 0[39m
[15 May, 2026 - 16:22:05:225] [34minfo[39m: [34mSynced user list for section 40. Total users: 1[39m
[15 May, 2026 - 16:22:05:225] [34minfo[39m: [34mSynced user list for line 65. Total users: 3[39m
[15 May, 2026 - 16:22:05:225] [34minfo[39m: [34mSynced user list for section 38. Total users: 3[39m
[15 May, 2026 - 16:22:05:225] [34minfo[39m: [34mSynced user list for line 67. Total users: 6[39m
[15 May, 2026 - 16:22:05:225] [34minfo[39m: [34mSynced user list for section 39. Total users: 10[39m
[15 May, 2026 - 16:22:05:225] [34minfo[39m: [34mSynced user list for line 71. Total users: 1[39m
[15 May, 2026 - 16:22:05:225] [34minfo[39m: [34mSynced user list for section 41. Total users: 3[39m
[15 May, 2026 - 16:22:05:225] [34minfo[39m: [34mSynced user list for line 75. Total users: 3[39m
[15 May, 2026 - 16:22:05:225] [34minfo[39m: [34mSynced user list for section 41. Total users: 3[39m
[15 May, 2026 - 16:22:05:225] [34minfo[39m: [34mSynced user list for section 29. Total users: 2[39m
[15 May, 2026 - 16:22:05:225] [34minfo[39m: [34mSynced user list for section 32. Total users: 0[39m
[15 May, 2026 - 16:22:05:225] [34minfo[39m: [34mSynced user list for section 36. Total users: 0[39m
[15 May, 2026 - 16:22:05:225] [34minfo[39m: [34mSynced user list for section 40. Total users: 1[39m
[15 May, 2026 - 16:22:05:225] [34minfo[39m: [34mSynced user list for section 41. Total users: 3[39m
[15 May, 2026 - 16:22:05:225] [34minfo[39m: [34mSynced user list for section 37. Total users: 2[39m
[15 May, 2026 - 16:22:05:225] [34minfo[39m: [34mSynced user list for section 38. Total users: 3[39m
[15 May, 2026 - 16:22:05:225] [34minfo[39m: [34mSynced user list for section 39. Total users: 10[39m
[15 May, 2026 - 16:22:37:2237] [34minfo[39m: [34mMSSQL Connected to 'FME'[39m
[15 May, 2026 - 16:22:38:2238] [34minfo[39m: [34mSynced user list for sub-section 15. Total users: 2[39m
[15 May, 2026 - 16:22:38:2238] [34minfo[39m: [34mSynced user list for line 63. Total users: 2[39m
[15 May, 2026 - 16:22:38:2238] [34minfo[39m: [34mSynced user list for section 29. Total users: 2[39m
[15 May, 2026 - 16:22:38:2238] [34minfo[39m: [34mSynced user list for sub-section 26. Total users: 0[39m
[15 May, 2026 - 16:22:38:2238] [34minfo[39m: [34mSynced user list for line 63. Total users: 2[39m
[15 May, 2026 - 16:22:38:2238] [34minfo[39m: [34mSynced user list for section 29. Total users: 2[39m
[15 May, 2026 - 16:22:38:2238] [34minfo[39m: [34mSynced user list for sub-section 16. Total users: 2[39m
[15 May, 2026 - 16:22:38:2238] [34minfo[39m: [34mSynced user list for line 64. Total users: 2[39m
[15 May, 2026 - 16:22:38:2238] [34minfo[39m: [34mSynced user list for section 37. Total users: 2[39m
[15 May, 2026 - 16:22:38:2238] [34minfo[39m: [34mSynced user list for sub-section 17. Total users: 0[39m
[15 May, 2026 - 16:22:38:2238] [34minfo[39m: [34mSynced user list for line 65. Total users: 3[39m
[15 May, 2026 - 16:22:38:2238] [34minfo[39m: [34mSynced user list for section 38. Total users: 3[39m
[15 May, 2026 - 16:22:38:2238] [34minfo[39m: [34mSynced user list for sub-section 19. Total users: 3[39m
[15 May, 2026 - 16:22:38:2238] [34minfo[39m: [34mSynced user list for line 65. Total users: 3[39m
[15 May, 2026 - 16:22:38:2238] [34minfo[39m: [34mSynced user list for section 38. Total users: 3[39m
[15 May, 2026 - 16:22:38:2238] [34minfo[39m: [34mSynced user list for sub-section 18. Total users: 5[39m
[15 May, 2026 - 16:22:38:2238] [34minfo[39m: [34mSynced user list for line 66. Total users: 5[39m
[15 May, 2026 - 16:22:38:2238] [34minfo[39m: [34mSynced user list for section 39. Total users: 10[39m
[15 May, 2026 - 16:22:38:2238] [34minfo[39m: [34mSynced user list for sub-section 25. Total users: 6[39m
[15 May, 2026 - 16:22:38:2238] [34minfo[39m: [34mSynced user list for line 67. Total users: 6[39m
[15 May, 2026 - 16:22:38:2238] [34minfo[39m: [34mSynced user list for section 39. Total users: 10[39m
[15 May, 2026 - 16:22:38:2238] [34minfo[39m: [34mSynced user list for sub-section 24. Total users: 1[39m
[15 May, 2026 - 16:22:38:2238] [34minfo[39m: [34mSynced user list for line 70. Total users: 1[39m
[15 May, 2026 - 16:22:38:2238] [34minfo[39m: [34mSynced user list for section 40. Total users: 1[39m
[15 May, 2026 - 16:22:38:2238] [34minfo[39m: [34mSynced user list for sub-section 20. Total users: 1[39m
[15 May, 2026 - 16:22:38:2238] [34minfo[39m: [34mSynced user list for line 71. Total users: 1[39m
[15 May, 2026 - 16:22:38:2238] [34minfo[39m: [34mSynced user list for section 41. Total users: 3[39m
[15 May, 2026 - 16:22:38:2238] [34minfo[39m: [34mSynced user list for sub-section 22. Total users: 0[39m
[15 May, 2026 - 16:22:38:2238] [34minfo[39m: [34mSynced user list for line 72. Total users: 0[39m
[15 May, 2026 - 16:22:38:2238] [34minfo[39m: [34mSynced user list for section 40. Total users: 1[39m
[15 May, 2026 - 16:22:38:2238] [34minfo[39m: [34mSynced user list for sub-section 21. Total users: 0[39m
[15 May, 2026 - 16:22:38:2238] [34minfo[39m: [34mSynced user list for line 73. Total users: 0[39m
[15 May, 2026 - 16:22:38:2238] [34minfo[39m: [34mSynced user list for section 40. Total users: 1[39m
[15 May, 2026 - 16:22:38:2238] [34minfo[39m: [34mSynced user list for sub-section 23. Total users: 3[39m
[15 May, 2026 - 16:22:38:2238] [34minfo[39m: [34mSynced user list for line 75. Total users: 3[39m
[15 May, 2026 - 16:22:38:2238] [34minfo[39m: [34mSynced user list for section 41. Total users: 3[39m
[15 May, 2026 - 16:22:38:2238] [34minfo[39m: [34mSynced user list for line 70. Total users: 1[39m
[15 May, 2026 - 16:22:38:2238] [34minfo[39m: [34mSynced user list for section 40. Total users: 1[39m
[15 May, 2026 - 16:22:38:2238] [34minfo[39m: [34mSynced user list for line 66. Total users: 5[39m
[15 May, 2026 - 16:22:38:2238] [34minfo[39m: [34mSynced user list for section 39. Total users: 10[39m
[15 May, 2026 - 16:22:38:2238] [34minfo[39m: [34mSynced user list for line 73. Total users: 0[39m
[15 May, 2026 - 16:22:38:2238] [34minfo[39m: [34mSynced user list for section 40. Total users: 1[39m
[15 May, 2026 - 16:22:38:2238] [34minfo[39m: [34mSynced user list for line 63. Total users: 2[39m
[15 May, 2026 - 16:22:38:2238] [34minfo[39m: [34mSynced user list for section 29. Total users: 2[39m
[15 May, 2026 - 16:22:38:2238] [34minfo[39m: [34mSynced user list for line 64. Total users: 2[39m
[15 May, 2026 - 16:22:38:2238] [34minfo[39m: [34mSynced user list for section 37. Total users: 2[39m
[15 May, 2026 - 16:22:38:2238] [34minfo[39m: [34mSynced user list for line 72. Total users: 0[39m
[15 May, 2026 - 16:22:38:2238] [34minfo[39m: [34mSynced user list for section 40. Total users: 1[39m
[15 May, 2026 - 16:22:38:2238] [34minfo[39m: [34mSynced user list for line 65. Total users: 3[39m
[15 May, 2026 - 16:22:38:2238] [34minfo[39m: [34mSynced user list for section 38. Total users: 3[39m
[15 May, 2026 - 16:22:38:2238] [34minfo[39m: [34mSynced user list for line 67. Total users: 6[39m
[15 May, 2026 - 16:22:38:2238] [34minfo[39m: [34mSynced user list for section 39. Total users: 10[39m
[15 May, 2026 - 16:22:38:2238] [34minfo[39m: [34mSynced user list for line 71. Total users: 1[39m
[15 May, 2026 - 16:22:38:2238] [34minfo[39m: [34mSynced user list for section 41. Total users: 3[39m
[15 May, 2026 - 16:22:38:2238] [34minfo[39m: [34mSynced user list for line 75. Total users: 3[39m
[15 May, 2026 - 16:22:38:2238] [34minfo[39m: [34mSynced user list for section 41. Total users: 3[39m
[15 May, 2026 - 16:22:38:2238] [34minfo[39m: [34mSynced user list for section 29. Total users: 2[39m
[15 May, 2026 - 16:22:38:2238] [34minfo[39m: [34mSynced user list for section 32. Total users: 0[39m
[15 May, 2026 - 16:22:38:2238] [34minfo[39m: [34mSynced user list for section 36. Total users: 0[39m
[15 May, 2026 - 16:22:38:2238] [34minfo[39m: [34mSynced user list for section 40. Total users: 1[39m
[15 May, 2026 - 16:22:38:2238] [34minfo[39m: [34mSynced user list for section 41. Total users: 3[39m
[15 May, 2026 - 16:22:38:2238] [34minfo[39m: [34mSynced user list for section 37. Total users: 2[39m
[15 May, 2026 - 16:22:38:2238] [34minfo[39m: [34mSynced user list for section 38. Total users: 3[39m
[15 May, 2026 - 16:22:38:2238] [34minfo[39m: [34mSynced user list for section 39. Total users: 10[39m
